#
# There is insufficient memory for the Java Runtime Environment to continue.
# Native memory allocation (mmap) failed to map 402653184 bytes. Error detail: G1 virtual space
# Possible reasons:
#   The system is out of physical RAM or swap space
#   This process is running with CompressedOops enabled, and the Java Heap may be blocking the growth of the native heap
# Possible solutions:
#   Reduce memory load on the system
#   Increase physical memory or swap space
#   Check if swap backing store is full
#   Decrease Java heap size (-Xmx/-Xms)
#   Decrease number of Java threads
#   Decrease Java thread stack sizes (-Xss)
#   Set larger code cache with -XX:ReservedCodeCacheSize=
#   JVM is running with Zero Based Compressed Oops mode in which the Java heap is
#     placed in the first 32GB address space. The Java Heap base address is the
#     maximum limit for the native heap growth. Please use -XX:HeapBaseMinAddress
#     to set the Java Heap base and to place the Java Heap above 32GB virtual address.
# This output file may be truncated or incomplete.
#
#  Out of Memory Error (os_windows.cpp:3898), pid=17040, tid=6396
#
# JRE version:  (21.0.6+8) (build )
# Java VM: OpenJDK 64-Bit Server VM (21.0.6+8-b631.39, mixed mode, sharing, tiered, compressed oops, compressed class ptrs, g1 gc, windows-amd64)
# No core dump will be written. Minidumps are not enabled by default on client versions of Windows
#

---------------  S U M M A R Y ------------

Command Line: externalApp.nativessh.NativeSshAskPassApp The authenticity of host 'github.com (20.205.243.166)' can't be established.
ED25519 key fingerprint is SHA256:+DiY3wvvV6TuJJhbpZisF/zLDA0zPMSvHdkr4UvCOqU.
This key is not known by any other names
Are you sure you want to continue connecting (yes/no/[fingerprint])? 

Host: Intel(R) Core(TM) i7-10870H CPU @ 2.20GHz, 16 cores, 23G,  Windows 11 , 64 bit Build 26100 (10.0.26100.3624)
Time: Tue Apr  8 18:06:17 2025  Windows 11 , 64 bit Build 26100 (10.0.26100.3624) elapsed time: 0.010176 seconds (0d 0h 0m 0s)

---------------  T H R E A D  ---------------

Current thread (0x000001c3e0ff38f0):  JavaThread "Unknown thread" [_thread_in_vm, id=6396, stack(0x0000006d36900000,0x0000006d36a00000) (1024K)]

Stack: [0x0000006d36900000,0x0000006d36a00000]
Native frames: (J=compiled Java code, j=interpreted, Vv=VM code, C=native code)
V  [jvm.dll+0x6e5d39]
V  [jvm.dll+0x8c4133]
V  [jvm.dll+0x8c668e]
V  [jvm.dll+0x8c6d73]
V  [jvm.dll+0x288f76]
V  [jvm.dll+0x6e25f5]
V  [jvm.dll+0x6d60aa]
V  [jvm.dll+0x3635bb]
V  [jvm.dll+0x36b186]
V  [jvm.dll+0x3bd4b6]
V  [jvm.dll+0x3bd788]
V  [jvm.dll+0x335d2c]
V  [jvm.dll+0x336a1b]
V  [jvm.dll+0x88b589]
V  [jvm.dll+0x3ca688]
V  [jvm.dll+0x874698]
V  [jvm.dll+0x45f04e]
V  [jvm.dll+0x460d31]
C  [jli.dll+0x52ab]
C  [ucrtbase.dll+0x37b0]
C  [KERNEL32.DLL+0x2e8d7]
C  [ntdll.dll+0xb14fc]


---------------  P R O C E S S  ---------------

Threads class SMR info:
_java_thread_list=0x00007ff8c69ea148, length=0, elements={
}

Java Threads: ( => current thread )
Total: 0

Other Threads:
  0x000001c3e344d3f0 WorkerThread "GC Thread#0"                     [id=5704, stack(0x0000006d36a00000,0x0000006d36b00000) (1024K)]
  0x000001c3e345a290 ConcurrentGCThread "G1 Main Marker"            [id=16068, stack(0x0000006d36b00000,0x0000006d36c00000) (1024K)]
  0x000001c3e345cc20 WorkerThread "G1 Conc#0"                       [id=20312, stack(0x0000006d36c00000,0x0000006d36d00000) (1024K)]

[error occurred during error reporting (printing all threads), id 0xc0000005, EXCEPTION_ACCESS_VIOLATION (0xc0000005) at pc=0x00007ff8c60d8de7]
VM state: not at safepoint (not fully initialized)

VM Mutex/Monitor currently owned by a thread:  ([mutex/lock_event])
[0x00007ff8c6a5eb30] Heap_lock - owner thread: 0x000001c3e0ff38f0

Heap address: 0x0000000682800000, size: 6104 MB, Compressed Oops mode: Zero based, Oop shift amount: 3

CDS archive(s) mapped at: [0x0000000000000000-0x0000000000000000-0x0000000000000000), size 0, SharedBaseAddress: 0x0000000800000000, ArchiveRelocationMode: 1.
Narrow klass base: 0x0000000000000000, Narrow klass shift: 0, Narrow klass range: 0x0

GC Precious Log:
 CardTable entry size: 512
 Card Set container configuration: InlinePtr #cards 4 size 8 Array Of Cards #cards 32 size 80 Howl #buckets 8 coarsen threshold 7372 Howl Bitmap #cards 1024 size 144 coarsen threshold 921 Card regions per heap region 1 cards per card region 8192

Heap:
 garbage-first heap   total 0K, used 0K [0x0000000682800000, 0x0000000800000000)
  region size 4096K, 0 young (0K), 0 survivors (0K)
 Metaspace       used 0K, committed 0K, reserved 0K
  class space    used 0K, committed 0K, reserved 0K

Heap Regions: E=young(eden), S=young(survivor), O=old, HS=humongous(starts), HC=humongous(continues), CS=collection set, F=free, TAMS=top-at-mark-start, PB=parsable bottom

Card table byte_map: [0x000001c3f77e0000,0x000001c3f83d0000] _byte_map_base: 0x000001c3f43cc000

Marking Bits: (CMBitMap*) 0x000001c3e344daf0
 Bits: [0x000001c3f83d0000, 0x000001c3fe330000)

GC Heap History (0 events):
No events

Dll operation events (1 events):
Event: 0.006 Loaded shared library D:\softWare\PyCharm 2024.3.5\jbr\bin\java.dll

Deoptimization events (0 events):
No events

Classes loaded (0 events):
No events

Classes unloaded (0 events):
No events

Classes redefined (0 events):
No events

Internal exceptions (0 events):
No events

ZGC Phase Switch (0 events):
No events

VM Operations (0 events):
No events

Memory protections (0 events):
No events

Nmethod flushes (0 events):
No events

Events (0 events):
No events


Dynamic libraries:
0x00007ff6cb770000 - 0x00007ff6cb77a000 	D:\softWare\PyCharm 2024.3.5\jbr\bin\java.exe
0x00007ff97dd60000 - 0x00007ff97dfc0000 	C:\WINDOWS\SYSTEM32\ntdll.dll
0x00007ff97d460000 - 0x00007ff97d527000 	C:\WINDOWS\System32\KERNEL32.DLL
0x00007ff97b5f0000 - 0x00007ff97b9bb000 	C:\WINDOWS\System32\KERNELBASE.dll
0x00007ff97b4a0000 - 0x00007ff97b5eb000 	C:\WINDOWS\System32\ucrtbase.dll
0x00007ff964620000 - 0x00007ff96463b000 	D:\softWare\PyCharm 2024.3.5\jbr\bin\VCRUNTIME140.dll
0x00007ff969000000 - 0x00007ff969018000 	D:\softWare\PyCharm 2024.3.5\jbr\bin\jli.dll
0x00007ff97cab0000 - 0x00007ff97cc7c000 	C:\WINDOWS\System32\USER32.dll
0x00007ff97b9c0000 - 0x00007ff97b9e7000 	C:\WINDOWS\System32\win32u.dll
0x00007ff95d160000 - 0x00007ff95d3f7000 	C:\WINDOWS\WinSxS\amd64_microsoft.windows.common-controls_6595b64144ccf1df_6.0.26100.3624_none_3e086962e3345f24\COMCTL32.dll
0x00007ff97d5f0000 - 0x00007ff97d699000 	C:\WINDOWS\System32\msvcrt.dll
0x00007ff97d930000 - 0x00007ff97d95a000 	C:\WINDOWS\System32\GDI32.dll
0x00007ff97af40000 - 0x00007ff97b071000 	C:\WINDOWS\System32\gdi32full.dll
0x00007ff97b9f0000 - 0x00007ff97ba93000 	C:\WINDOWS\System32\msvcp_win.dll
0x00007ff97db50000 - 0x00007ff97db7f000 	C:\WINDOWS\System32\IMM32.DLL
0x00007ff9748d0000 - 0x00007ff9748dc000 	D:\softWare\PyCharm 2024.3.5\jbr\bin\vcruntime140_1.dll
0x00007ff94fc20000 - 0x00007ff94fcad000 	D:\softWare\PyCharm 2024.3.5\jbr\bin\msvcp140.dll
0x00007ff8c5d90000 - 0x00007ff8c6b51000 	D:\softWare\PyCharm 2024.3.5\jbr\bin\server\jvm.dll
0x00007ff97d530000 - 0x00007ff97d5e3000 	C:\WINDOWS\System32\ADVAPI32.dll
0x00007ff97d320000 - 0x00007ff97d3c6000 	C:\WINDOWS\System32\sechost.dll
0x00007ff97db90000 - 0x00007ff97dca6000 	C:\WINDOWS\System32\RPCRT4.dll
0x00007ff97dac0000 - 0x00007ff97db34000 	C:\WINDOWS\System32\WS2_32.dll
0x00007ff97a430000 - 0x00007ff97a48e000 	C:\WINDOWS\SYSTEM32\POWRPROF.dll
0x00007ff968b00000 - 0x00007ff968b36000 	C:\WINDOWS\SYSTEM32\WINMM.dll
0x00007ff9738b0000 - 0x00007ff9738bb000 	C:\WINDOWS\SYSTEM32\VERSION.dll
0x00007ff97a3d0000 - 0x00007ff97a3e4000 	C:\WINDOWS\SYSTEM32\UMPDC.dll
0x00007ff979d50000 - 0x00007ff979d6a000 	C:\WINDOWS\SYSTEM32\kernel.appcore.dll
0x00007ff9745b0000 - 0x00007ff9745ba000 	D:\softWare\PyCharm 2024.3.5\jbr\bin\jimage.dll
0x00007ff9668c0000 - 0x00007ff966b01000 	C:\WINDOWS\SYSTEM32\DBGHELP.DLL
0x00007ff97cf90000 - 0x00007ff97d313000 	C:\WINDOWS\System32\combase.dll
0x00007ff97d850000 - 0x00007ff97d926000 	C:\WINDOWS\System32\OLEAUT32.dll
0x00007ff944df0000 - 0x00007ff944e29000 	C:\WINDOWS\SYSTEM32\dbgcore.DLL
0x00007ff97b290000 - 0x00007ff97b329000 	C:\WINDOWS\System32\bcryptPrimitives.dll
0x00007ff95c470000 - 0x00007ff95c490000 	D:\softWare\PyCharm 2024.3.5\jbr\bin\java.dll

dbghelp: loaded successfully - version: 4.0.5 - missing functions: none
symbol engine: initialized successfully - sym options: 0x614 - pdb path: .;D:\softWare\PyCharm 2024.3.5\jbr\bin;C:\WINDOWS\SYSTEM32;C:\WINDOWS\WinSxS\amd64_microsoft.windows.common-controls_6595b64144ccf1df_6.0.26100.3624_none_3e086962e3345f24;D:\softWare\PyCharm 2024.3.5\jbr\bin\server

VM Arguments:
java_command: externalApp.nativessh.NativeSshAskPassApp The authenticity of host 'github.com (20.205.243.166)' can't be established.
ED25519 key fingerprint is SHA256:+DiY3wvvV6TuJJhbpZisF/zLDA0zPMSvHdkr4UvCOqU.
This key is not known by any other names
Are you sure you want to continue connecting (yes/no/[fingerprint])? 
java_class_path (initial): D:/softWare/PyCharm 2024.3.5/lib/externalProcess-rt.jar
Launcher Type: SUN_STANDARD

[Global flags]
     intx CICompilerCount                          = 12                                        {product} {ergonomic}
     uint ConcGCThreads                            = 3                                         {product} {ergonomic}
     uint G1ConcRefinementThreads                  = 13                                        {product} {ergonomic}
   size_t G1HeapRegionSize                         = 4194304                                   {product} {ergonomic}
    uintx GCDrainStackTargetSize                   = 64                                        {product} {ergonomic}
   size_t InitialHeapSize                          = 402653184                                 {product} {ergonomic}
   size_t MarkStackSize                            = 4194304                                   {product} {ergonomic}
   size_t MaxHeapSize                              = 6400507904                                {product} {ergonomic}
   size_t MinHeapDeltaBytes                        = 4194304                                   {product} {ergonomic}
   size_t MinHeapSize                              = 8388608                                   {product} {ergonomic}
    uintx NonNMethodCodeHeapSize                   = 7602480                                {pd product} {ergonomic}
    uintx NonProfiledCodeHeapSize                  = 122027880                              {pd product} {ergonomic}
    uintx ProfiledCodeHeapSize                     = 122027880                              {pd product} {ergonomic}
    uintx ReservedCodeCacheSize                    = 251658240                              {pd product} {ergonomic}
     bool SegmentedCodeCache                       = true                                      {product} {ergonomic}
   size_t SoftMaxHeapSize                          = 6400507904                             {manageable} {ergonomic}
     bool UseCompressedOops                        = true                           {product lp64_product} {ergonomic}
     bool UseG1GC                                  = true                                      {product} {ergonomic}
     bool UseLargePagesIndividualAllocation        = false                                  {pd product} {ergonomic}

Logging:
Log output configuration:
 #0: stdout all=warning uptime,level,tags foldmultilines=false
 #1: stderr all=off uptime,level,tags foldmultilines=false

Environment Variables:
JAVA_HOME=D:\BaiduNetdiskDownload\BIGDATA\javajdk1.8
PATH=E:\Program Files\Git\mingw64\libexec\git-core;E:\Program Files\Git\mingw64\bin;E:\Program Files\Git\usr\bin;C:\Users\19936\bin;D:\UM\7014\DjangoProject\venv\Scripts;C:\WINDOWS\system32;C:\WINDOWS;C:\WINDOWS\System32\Wbem;C:\WINDOWS\System32\WindowsPowerShell\v1.0;C:\WINDOWS\System32\OpenSSH;D:\data\env;D:\BaiduNetdiskDownload\BIGDATA\javajdk1.8\bin;D:\BaiduNetdiskDownload\BIGDATA\javajdk1.8\jre\bin;D:\BaiduNetdiskDownload\BIGDATA\apache-maven-3.5.4\bin;C:\Users\19936\AppData\Local\Microsoft\WindowsApps;D:\softWare\IntelliJ IDEA 2024.3.5\bin;D:\softWare\PyCharm 2024.3.5\bin;D:\softWare\Microsoft VS Code\bin
USERNAME=19936
DISPLAY=:0.0
LC_ALL=en_US.UTF-8
TERM=xterm-256color
TMPDIR=C:\Users\19936\AppData\Local\Temp
OS=Windows_NT
PROCESSOR_IDENTIFIER=Intel64 Family 6 Model 165 Stepping 2, GenuineIntel
TMP=C:\Users\19936\AppData\Local\Temp
TEMP=C:\Users\19936\AppData\Local\Temp




Periodic native trim disabled

JNI global refs:
JNI global refs: 0, weak refs: 0

JNI global refs memory usage: 0, weak refs: 0

Process memory usage:
Resident Set Size: 13184K (0% of 24993208K total physical memory with 3692820K free physical memory)

OOME stack traces (most recent first):
Classloader memory used:

---------------  S Y S T E M  ---------------

OS:
 Windows 11 , 64 bit Build 26100 (10.0.26100.3624)
OS uptime: 0 days 8:08 hours

CPU: total 16 (initial active 16) (8 cores per cpu, 2 threads per core) family 6 model 165 stepping 2 microcode 0xe0, cx8, cmov, fxsr, ht, mmx, 3dnowpref, sse, sse2, sse3, ssse3, sse4.1, sse4.2, popcnt, lzcnt, tsc, tscinvbit, avx, avx2, aes, erms, clmul, bmi1, bmi2, adx, fma, vzeroupper, clflush, clflushopt, rdtscp, f16c, pku
Processor Information for the first 16 processors :
  Max Mhz: 2208, Current Mhz: 2208, Mhz Limit: 2208

Memory: 4k page, system-wide physical 24407M (3606M free)
TotalPageFile size 40613M (AvailPageFile size 172M)
current process WorkingSet (physical memory assigned to process): 12M, peak: 12M
current process commit charge ("private bytes"): 70M, peak: 454M

vm_info: OpenJDK 64-Bit Server VM (21.0.6+8-b631.39) for windows-amd64 JRE (21.0.6+8-b631.39), built on 2025-02-04 by "builduser" with MS VC++ 16.10 / 16.11 (VS2019)

END.
